------------------------------------------------------------
TimeQuest Timing Analyzer Summary
------------------------------------------------------------

Type  : Slow Model Setup 'clock'
Slack : -10.538
TNS   : -581.194

Type  : Slow Model Setup 'puls:G1|output'
Slack : -1.612
TNS   : -7.590

Type  : Slow Model Setup 'audio_interface:G6|i2c_counter[9]'
Slack : -0.921
TNS   : -1.211

Type  : Slow Model Setup 'modcounter:G2|over'
Slack : -0.798
TNS   : -1.591

Type  : Slow Model Setup 'button_reset'
Slack : -0.072
TNS   : -0.072

Type  : Slow Model Hold 'clock'
Slack : -2.754
TNS   : -13.031

Type  : Slow Model Hold 'button_reset'
Slack : -2.459
TNS   : -11.081

Type  : Slow Model Hold 'audio_interface:G6|i2c_counter[9]'
Slack : 0.338
TNS   : 0.000

Type  : Slow Model Hold 'puls:G1|output'
Slack : 0.411
TNS   : 0.000

Type  : Slow Model Hold 'modcounter:G2|over'
Slack : 0.445
TNS   : 0.000

Type  : Slow Model Recovery 'clock'
Slack : -2.820
TNS   : -182.868

Type  : Slow Model Recovery 'audio_interface:G6|i2c_counter[9]'
Slack : -1.888
TNS   : -7.268

Type  : Slow Model Recovery 'modcounter:G2|over'
Slack : -0.014
TNS   : -0.056

Type  : Slow Model Recovery 'button_reset'
Slack : 0.068
TNS   : 0.000

Type  : Slow Model Recovery 'puls:G1|output'
Slack : 0.140
TNS   : 0.000

Type  : Slow Model Removal 'button_reset'
Slack : -3.921
TNS   : -14.871

Type  : Slow Model Removal 'puls:G1|output'
Slack : -1.551
TNS   : -4.546

Type  : Slow Model Removal 'clock'
Slack : -0.602
TNS   : -16.710

Type  : Slow Model Removal 'modcounter:G2|over'
Slack : 0.266
TNS   : 0.000

Type  : Slow Model Removal 'audio_interface:G6|i2c_counter[9]'
Slack : 0.544
TNS   : 0.000

Type  : Slow Model Minimum Pulse Width 'clock'
Slack : -1.631
TNS   : -176.377

Type  : Slow Model Minimum Pulse Width 'button_reset'
Slack : -1.469
TNS   : -1.469

Type  : Slow Model Minimum Pulse Width 'puls:G1|output'
Slack : -0.611
TNS   : -6.110

Type  : Slow Model Minimum Pulse Width 'audio_interface:G6|i2c_counter[9]'
Slack : -0.611
TNS   : -4.888

Type  : Slow Model Minimum Pulse Width 'modcounter:G2|over'
Slack : -0.611
TNS   : -4.888

Type  : Fast Model Setup 'clock'
Slack : -3.391
TNS   : -144.414

Type  : Fast Model Setup 'puls:G1|output'
Slack : -0.328
TNS   : -0.856

Type  : Fast Model Setup 'audio_interface:G6|i2c_counter[9]'
Slack : 0.201
TNS   : 0.000

Type  : Fast Model Setup 'modcounter:G2|over'
Slack : 0.312
TNS   : 0.000

Type  : Fast Model Setup 'button_reset'
Slack : 0.770
TNS   : 0.000

Type  : Fast Model Hold 'clock'
Slack : -1.692
TNS   : -12.688

Type  : Fast Model Hold 'button_reset'
Slack : -1.023
TNS   : -4.834

Type  : Fast Model Hold 'audio_interface:G6|i2c_counter[9]'
Slack : 0.215
TNS   : 0.000

Type  : Fast Model Hold 'modcounter:G2|over'
Slack : 0.215
TNS   : 0.000

Type  : Fast Model Hold 'puls:G1|output'
Slack : 0.215
TNS   : 0.000

Type  : Fast Model Recovery 'audio_interface:G6|i2c_counter[9]'
Slack : -0.402
TNS   : -1.503

Type  : Fast Model Recovery 'clock'
Slack : -0.226
TNS   : -4.938

Type  : Fast Model Recovery 'modcounter:G2|over'
Slack : 0.588
TNS   : 0.000

Type  : Fast Model Recovery 'puls:G1|output'
Slack : 0.593
TNS   : 0.000

Type  : Fast Model Recovery 'button_reset'
Slack : 0.830
TNS   : 0.000

Type  : Fast Model Removal 'button_reset'
Slack : -1.997
TNS   : -8.498

Type  : Fast Model Removal 'clock'
Slack : -0.876
TNS   : -25.115

Type  : Fast Model Removal 'puls:G1|output'
Slack : -0.853
TNS   : -3.592

Type  : Fast Model Removal 'modcounter:G2|over'
Slack : -0.208
TNS   : -0.832

Type  : Fast Model Removal 'audio_interface:G6|i2c_counter[9]'
Slack : 0.010
TNS   : 0.000

Type  : Fast Model Minimum Pulse Width 'clock'
Slack : -1.380
TNS   : -144.380

Type  : Fast Model Minimum Pulse Width 'button_reset'
Slack : -1.222
TNS   : -1.222

Type  : Fast Model Minimum Pulse Width 'puls:G1|output'
Slack : -0.500
TNS   : -5.000

Type  : Fast Model Minimum Pulse Width 'audio_interface:G6|i2c_counter[9]'
Slack : -0.500
TNS   : -4.000

Type  : Fast Model Minimum Pulse Width 'modcounter:G2|over'
Slack : -0.500
TNS   : -4.000

------------------------------------------------------------
